// Jest Snapshot v1, https://goo.gl/fbAQLP

exports[`google/api/expr/conformance/v1alpha1/conformance_service CheckRequest 1`] = `
{
  "container": {
    "comment": "The protocol buffer context.  See "Name Resolution" in the
 Language Definition.",
    "id": 3,
    "isScalar": true,
    "options": {
      "(telescope:camel)": "container",
      "(telescope:name)": "container",
      "(telescope:orig)": "container",
    },
    "parsedType": {
      "name": "string",
      "type": "native",
    },
    "type": "string",
    "typeNum": 13,
  },
  "noStdEnv": {
    "comment": "If true, use only the declarations in [type_env][google.api.expr.conformance.v1alpha1.CheckRequest.type_env].  If false (default),
 add declarations for the standard definitions to the type environment.  See
 "Standard Definitions" in the Language Definition.",
    "id": 4,
    "isScalar": true,
    "options": {
      "(telescope:camel)": "noStdEnv",
      "(telescope:name)": "noStdEnv",
      "(telescope:orig)": "no_std_env",
    },
    "parsedType": {
      "name": "bool",
      "type": "native",
    },
    "type": "bool",
    "typeNum": 12,
  },
  "parsedExpr": {
    "comment": "Required. The parsed representation of the CEL program.",
    "id": 1,
    "import": "google/api/expr/v1alpha1/syntax.proto",
    "importedName": "google.api.expr.v1alpha1.ParsedExpr",
    "isNestedMsg": false,
    "options": {
      "(telescope:camel)": "parsedExpr",
      "(telescope:name)": "parsedExpr",
      "(telescope:orig)": "parsed_expr",
    },
    "parsedType": {
      "name": "ParsedExpr",
      "type": "Type",
    },
    "scope": [
      "google.api.expr.v1alpha1",
    ],
    "scopeType": "protoImport",
    "type": "google.api.expr.v1alpha1.ParsedExpr",
  },
  "typeEnv": {
    "comment": "Declarations of types for external variables and functions.
 Required if program uses external variables or functions
 not in the default environment.",
    "id": 2,
    "import": "google/api/expr/v1alpha1/checked.proto",
    "importedName": "google.api.expr.v1alpha1.Decl",
    "isNestedMsg": false,
    "options": {
      "(telescope:camel)": "typeEnv",
      "(telescope:name)": "typeEnv",
      "(telescope:orig)": "type_env",
    },
    "parsedType": {
      "name": "Decl",
      "type": "Type",
    },
    "rule": "repeated",
    "scope": [
      "google.api.expr.v1alpha1",
    ],
    "scopeType": "protoImport",
    "type": "google.api.expr.v1alpha1.Decl",
  },
}
`;

exports[`google/api/expr/conformance/v1alpha1/conformance_service Decl 1`] = `
{
  "function": {
    "comment": "Function declaration.",
    "id": 3,
    "options": {
      "(telescope:camel)": "function",
      "(telescope:name)": "function",
      "(telescope:orig)": "function",
    },
    "parsedType": {
      "name": "FunctionDecl",
      "type": "Type",
    },
    "scope": [
      "google.api.expr.v1alpha1",
      "Decl",
    ],
    "type": "FunctionDecl",
  },
  "ident": {
    "comment": "Identifier declaration.",
    "id": 2,
    "options": {
      "(telescope:camel)": "ident",
      "(telescope:name)": "ident",
      "(telescope:orig)": "ident",
    },
    "parsedType": {
      "name": "IdentDecl",
      "type": "Type",
    },
    "scope": [
      "google.api.expr.v1alpha1",
      "Decl",
    ],
    "type": "IdentDecl",
  },
  "name": {
    "comment": "The fully qualified name of the declaration.

 Declarations are organized in containers and this represents the full path
 to the declaration in its container, as in \`google.api.expr.Decl\`.

 Declarations used as [FunctionDecl.Overload][google.api.expr.v1alpha1.Decl.FunctionDecl.Overload] parameters may or may not
 have a name depending on whether the overload is function declaration or a
 function definition containing a result [Expr][google.api.expr.v1alpha1.Expr].",
    "id": 1,
    "isScalar": true,
    "options": {
      "(telescope:camel)": "name",
      "(telescope:name)": "name",
      "(telescope:orig)": "name",
    },
    "parsedType": {
      "name": "string",
      "type": "native",
    },
    "type": "string",
    "typeNum": 13,
  },
}
`;

exports[`google/api/expr/conformance/v1alpha1/conformance_service IdentDecl 1`] = `
{
  "doc": {
    "comment": "Documentation string for the identifier.",
    "id": 3,
    "isScalar": true,
    "options": {
      "(telescope:camel)": "doc",
      "(telescope:name)": "doc",
      "(telescope:orig)": "doc",
    },
    "parsedType": {
      "name": "string",
      "type": "native",
    },
    "type": "string",
    "typeNum": 13,
  },
  "type": {
    "comment": "Required. The type of the identifier.",
    "id": 1,
    "options": {
      "(telescope:camel)": "type",
      "(telescope:name)": "type",
      "(telescope:orig)": "type",
    },
    "parsedType": {
      "name": "Type",
      "type": "Type",
    },
    "scope": [
      "google.api.expr.v1alpha1",
    ],
    "type": "Type",
  },
  "value": {
    "comment": "The constant value of the identifier. If not specified, the identifier
 must be supplied at evaluation time.",
    "id": 2,
    "import": "google/api/expr/v1alpha1/syntax.proto",
    "importedName": "Constant",
    "options": {
      "(telescope:camel)": "value",
      "(telescope:name)": "value",
      "(telescope:orig)": "value",
    },
    "parsedType": {
      "name": "Constant",
      "type": "Type",
    },
    "scope": [
      [
        "google.api.expr.v1alpha1",
      ],
    ],
    "scopeType": "import",
    "type": "Constant",
  },
}
`;

exports[`google/api/expr/conformance/v1alpha1/conformance_service ParsedExpr 1`] = `
{
  "expr": {
    "comment": "The parsed expression.",
    "id": 2,
    "options": {
      "(telescope:camel)": "expr",
      "(telescope:name)": "expr",
      "(telescope:orig)": "expr",
    },
    "parsedType": {
      "name": "Expr",
      "type": "Type",
    },
    "scope": [
      "google.api.expr.v1alpha1",
    ],
    "type": "Expr",
  },
  "sourceInfo": {
    "comment": "The source info derived from input that generated the parsed \`expr\`.",
    "id": 3,
    "options": {
      "(telescope:camel)": "sourceInfo",
      "(telescope:name)": "sourceInfo",
      "(telescope:orig)": "source_info",
    },
    "parsedType": {
      "name": "SourceInfo",
      "type": "Type",
    },
    "scope": [
      "google.api.expr.v1alpha1",
    ],
    "type": "SourceInfo",
  },
}
`;

exports[`osmosis/gamm/v1beta1/tx Coin 1`] = `
{
  "amount": {
    "comment": null,
    "id": 2,
    "isScalar": true,
    "options": {
      "(cosmos_proto.scalar)": "cosmos.Int",
      "(gogoproto.customtype)": "Int",
      "(gogoproto.nullable)": false,
      "(telescope:camel)": "amount",
      "(telescope:name)": "amount",
      "(telescope:orig)": "amount",
    },
    "parsedType": {
      "name": "string",
      "type": "native",
    },
    "type": "string",
    "typeNum": 13,
  },
  "denom": {
    "comment": null,
    "id": 1,
    "isScalar": true,
    "options": {
      "(telescope:camel)": "denom",
      "(telescope:name)": "denom",
      "(telescope:orig)": "denom",
    },
    "parsedType": {
      "name": "string",
      "type": "native",
    },
    "type": "string",
    "typeNum": 13,
  },
}
`;

exports[`osmosis/gamm/v1beta1/tx SwapAmountInRoute 1`] = `
{
  "poolId": {
    "comment": null,
    "id": 1,
    "isScalar": true,
    "options": {
      "(gogoproto.moretags)": "yaml:pool_id",
      "(telescope:camel)": "poolId",
      "(telescope:name)": "poolId",
      "(telescope:orig)": "pool_id",
    },
    "parsedType": {
      "name": "uint64",
      "type": "native",
    },
    "type": "uint64",
    "typeNum": 8,
  },
  "tokenOutDenom": {
    "comment": null,
    "id": 2,
    "isScalar": true,
    "options": {
      "(gogoproto.moretags)": "yaml:token_out_denom",
      "(telescope:camel)": "tokenOutDenom",
      "(telescope:name)": "tokenOutDenom",
      "(telescope:orig)": "token_out_denom",
    },
    "parsedType": {
      "name": "string",
      "type": "native",
    },
    "type": "string",
    "typeNum": 13,
  },
}
`;
